// Vitest Snapshot v1, https://vitest.dev/guide/snapshot.html

exports[`Entire Stack > match a snapshot 1`] = `
{
  "Parameters": {
    "BootstrapVersion": {
      "Default": "/cdk-bootstrap/hnb659fds/version",
      "Description": "Version of the CDK Bootstrap resources in this environment, automatically retrieved from SSM Parameter Store. [cdk:skip]",
      "Type": "AWS::SSM::Parameter::Value<String>",
    },
  },
  "Resources": {
    "CustomAWSCDKOpenIdConnectProviderCustomResourceProviderHandlerF2C543E0": {
      "DependsOn": [
        "CustomAWSCDKOpenIdConnectProviderCustomResourceProviderRole517FED65",
      ],
      "Properties": {
        "Code": {"S3Bucket":{"Fn::Sub":"cdk-hnb659fds-assets-\${AWS::AccountId}-\${AWS::Region}"},"S3Key":"[HASH REMOVED].zip"},
        "Handler": "__entrypoint__.handler",
        "MemorySize": 128,
        "Role": {
          "Fn::GetAtt": [
            "CustomAWSCDKOpenIdConnectProviderCustomResourceProviderRole517FED65",
            "Arn",
          ],
        },
        "Runtime": "nodejs16.x",
        "Timeout": 900,
      },
      "Type": "AWS::Lambda::Function",
    },
    "CustomAWSCDKOpenIdConnectProviderCustomResourceProviderRole517FED65": {
      "Properties": {
        "AssumeRolePolicyDocument": {
          "Statement": [
            {
              "Action": "sts:AssumeRole",
              "Effect": "Allow",
              "Principal": {
                "Service": "lambda.amazonaws.com",
              },
            },
          ],
          "Version": "2012-10-17",
        },
        "ManagedPolicyArns": [
          {
            "Fn::Sub": "arn:\${AWS::Partition}:iam::aws:policy/service-role/AWSLambdaBasicExecutionRole",
          },
        ],
        "Policies": [
          {
            "PolicyDocument": {
              "Statement": [
                {
                  "Action": [
                    "iam:CreateOpenIDConnectProvider",
                    "iam:DeleteOpenIDConnectProvider",
                    "iam:UpdateOpenIDConnectProviderThumbprint",
                    "iam:AddClientIDToOpenIDConnectProvider",
                    "iam:RemoveClientIDFromOpenIDConnectProvider",
                  ],
                  "Effect": "Allow",
                  "Resource": "*",
                },
              ],
              "Version": "2012-10-17",
            },
            "PolicyName": "Inline",
          },
        ],
      },
      "Type": "AWS::IAM::Role",
    },
    "DeployRolerepooneD777995A": {
      "Properties": {
        "AssumeRolePolicyDocument": {
          "Statement": [
            {
              "Action": "sts:AssumeRoleWithWebIdentity",
              "Condition": {
                "StringEquals": {
                  "token.actions.githubusercontent.com:aud": "sts.amazonaws.com",
                },
                "StringLike": {
                  "token.actions.githubusercontent.com:sub": "repo:aws-community-projects/repoone:*",
                },
              },
              "Effect": "Allow",
              "Principal": {
                "Federated": {
                  "Ref": "GithubProvider1CDE27EB",
                },
              },
            },
          ],
          "Version": "2012-10-17",
        },
        "PermissionsBoundary": {
          "Fn::Join": [
            "",
            [
              "arn:",
              {
                "Ref": "AWS::Partition",
              },
              ":iam::",
              {
                "Ref": "AWS::AccountId",
              },
              ":policy/developer-policy",
            ],
          ],
        },
        "Policies": [
          {
            "PolicyDocument": {
              "Statement": [
                {
                  "Action": "sts:AssumeRole",
                  "Effect": "Allow",
                  "Resource": "arn:aws:iam::*:role/cdk-*",
                },
              ],
              "Version": "2012-10-17",
            },
            "PolicyName": "assume-cdk",
          },
        ],
        "RoleName": "github-deploy-role-repoone",
      },
      "Type": "AWS::IAM::Role",
    },
    "DeployRolerepotwo2A45E0FD": {
      "Properties": {
        "AssumeRolePolicyDocument": {
          "Statement": [
            {
              "Action": "sts:AssumeRoleWithWebIdentity",
              "Condition": {
                "StringEquals": {
                  "token.actions.githubusercontent.com:aud": "sts.amazonaws.com",
                },
                "StringLike": {
                  "token.actions.githubusercontent.com:sub": "repo:aws-community-projects/repotwo:*",
                },
              },
              "Effect": "Allow",
              "Principal": {
                "Federated": {
                  "Ref": "GithubProvider1CDE27EB",
                },
              },
            },
          ],
          "Version": "2012-10-17",
        },
        "PermissionsBoundary": {
          "Fn::Join": [
            "",
            [
              "arn:",
              {
                "Ref": "AWS::Partition",
              },
              ":iam::",
              {
                "Ref": "AWS::AccountId",
              },
              ":policy/developer-policy",
            ],
          ],
        },
        "Policies": [
          {
            "PolicyDocument": {
              "Statement": [
                {
                  "Action": "sts:AssumeRole",
                  "Effect": "Allow",
                  "Resource": "arn:aws:iam::*:role/cdk-*",
                },
              ],
              "Version": "2012-10-17",
            },
            "PolicyName": "assume-cdk",
          },
        ],
        "RoleName": "github-deploy-role-repotwo",
      },
      "Type": "AWS::IAM::Role",
    },
    "GithubProvider1CDE27EB": {
      "DeletionPolicy": "Delete",
      "Properties": {
        "ClientIDList": [
          "sts.amazonaws.com",
        ],
        "CodeHash": "ffa3d5f3876afed62c60735ced8dafb4db2ccbd70a8b2f6b0d9e6eaa5823d631",
        "ServiceToken": {
          "Fn::GetAtt": [
            "CustomAWSCDKOpenIdConnectProviderCustomResourceProviderHandlerF2C543E0",
            "Arn",
          ],
        },
        "Url": "https://token.actions.githubusercontent.com",
      },
      "Type": "Custom::AWSCDKOpenIdConnectProvider",
      "UpdateReplacePolicy": "Delete",
    },
  },
  "Rules": {
    "CheckBootstrapVersion": {
      "Assertions": [
        {
          "Assert": {
            "Fn::Not": [
              {
                "Fn::Contains": [
                  [
                    "1",
                    "2",
                    "3",
                    "4",
                    "5",
                  ],
                  {
                    "Ref": "BootstrapVersion",
                  },
                ],
              },
            ],
          },
          "AssertDescription": "CDK bootstrap stack version 6 required. Please run 'cdk bootstrap' with a recent version of the CDK CLI.",
        },
      ],
    },
  },
}
`;
